// Jest Snapshot v1, https://goo.gl/fbAQLP

exports[`render 1`] = `
<div>
  <button
    data-testid="button"
  >
    Times clicked: 
    0
  </button>
</div>
`;
